0 verbose cli /usr/bin/node /usr/bin/npm
1 info using npm@10.8.2
2 info using node@v20.20.2
3 silly config load:file:/usr/lib/node_modules/npm/npmrc
4 silly config load:file:/home/user/.npmrc
5 silly config load:file:/usr/etc/npmrc
6 verbose title npm ci
7 verbose argv "ci" "--no-audit" "--no-fund"
8 verbose logfile logs-max:10 dir:/home/user/.npm/_logs/2026-10-07T18_47_20_527Z-
9 verbose logfile /home/user/.npm/_logs/2026-10-07T18_47_20_527Z-debug-0.log
10 silly packumentCache heap:997720064 maxSize:249430016 maxEntrySize:124715008
11 silly logfile done cleaning log files
12 silly idealTree buildDeps
13 silly reify moves {}
14 verbose reify failed optional dependency /home/user/node_modules/@tailwindcss/oxide-wasm32-wasi
15 silly reify mark deleted [ '/home/user/node_modules/@tailwindcss/oxide-wasm32-wasi' ]
16 verbose reify failed optional dependency /home/user/node_modules/lightningcss-win32-x64-msvc
17 silly reify mark deleted [ '/home/user/node_modules/lightningcss-win32-x64-msvc' ]
18 verbose reify failed optional dependency /home/user/node_modules/lightningcss-win32-arm64-msvc
19 silly reify mark deleted [ '/home/user/node_modules/lightningcss-win32-arm64-msvc' ]
20 verbose reify failed optional dependency /home/user/node_modules/lightningcss-linux-arm64-musl
21 silly reify mark deleted [ '/home/user/node_modules/lightningcss-linux-arm64-musl' ]
22 verbose reify failed optional dependency /home/user/node_modules/lightningcss-linux-arm64-gnu
23 silly reify mark deleted [ '/home/user/node_modules/lightningcss-linux-arm64-gnu' ]
24 verbose reify failed optional dependency /home/user/node_modules/lightningcss-linux-arm-gnueabihf
25 silly reify mark deleted [ '/home/user/node_modules/lightningcss-linux-arm-gnueabihf' ]
26 verbose reify failed optional dependency /home/user/node_modules/lightningcss-freebsd-x64
27 silly reify mark deleted [ '/home/user/node_modules/lightningcss-freebsd-x64' ]
28 verbose reify failed optional dependency /home/user/node_modules/lightningcss-darwin-x64
29 silly reify mark deleted [ '/home/user/node_modules/lightningcss-darwin-x64' ]
30 verbose reify failed optional dependency /home/user/node_modules/lightningcss-darwin-arm64
31 silly reify mark deleted [ '/home/user/node_modules/lightningcss-darwin-arm64' ]
32 verbose reify failed optional dependency /home/user/node_modules/lightningcss-android-arm64
33 silly reify mark deleted [ '/home/user/node_modules/lightningcss-android-arm64' ]
34 verbose reify failed optional dependency /home/user/node_modules/fsevents
35 silly reify mark deleted [ '/home/user/node_modules/fsevents' ]
36 verbose reify failed optional dependency /home/user/node_modules/@tailwindcss/oxide-win32-x64-msvc
37 silly reify mark deleted [ '/home/user/node_modules/@tailwindcss/oxide-win32-x64-msvc' ]
38 verbose reify failed optional dependency /home/user/node_modules/@tailwindcss/oxide-win32-arm64-msvc
39 silly reify mark deleted [ '/home/user/node_modules/@tailwindcss/oxide-win32-arm64-msvc' ]
40 verbose reify failed optional dependency /home/user/node_modules/@tailwindcss/oxide-linux-arm64-musl
41 silly reify mark deleted [ '/home/user/node_modules/@tailwindcss/oxide-linux-arm64-musl' ]
42 verbose reify failed optional dependency /home/user/node_modules/@tailwindcss/oxide-linux-arm64-gnu
43 silly reify mark deleted [ '/home/user/node_modules/@tailwindcss/oxide-linux-arm64-gnu' ]
44 verbose reify failed optional dependency /home/user/node_modules/@tailwindcss/oxide-linux-arm-gnueabihf
45 silly reify mark deleted [ '/home/user/node_modules/@tailwindcss/oxide-linux-arm-gnueabihf' ]
46 verbose reify failed optional dependency /home/user/node_modules/@tailwindcss/oxide-freebsd-x64
47 silly reify mark deleted [ '/home/user/node_modules/@tailwindcss/oxide-freebsd-x64' ]
48 verbose reify failed optional dependency /home/user/node_modules/@tailwindcss/oxide-darwin-x64
49 silly reify mark deleted [ '/home/user/node_modules/@tailwindcss/oxide-darwin-x64' ]
50 verbose reify failed optional dependency /home/user/node_modules/@tailwindcss/oxide-darwin-arm64
51 silly reify mark deleted [ '/home/user/node_modules/@tailwindcss/oxide-darwin-arm64' ]
52 verbose reify failed optional dependency /home/user/node_modules/@tailwindcss/oxide-android-arm64
53 silly reify mark deleted [ '/home/user/node_modules/@tailwindcss/oxide-android-arm64' ]
54 verbose reify failed optional dependency /home/user/node_modules/@rollup/rollup-win32-x64-msvc
55 silly reify mark deleted [ '/home/user/node_modules/@rollup/rollup-win32-x64-msvc' ]
56 verbose reify failed optional dependency /home/user/node_modules/@rollup/rollup-win32-x64-gnu
57 silly reify mark deleted [ '/home/user/node_modules/@rollup/rollup-win32-x64-gnu' ]
58 verbose reify failed optional dependency /home/user/node_modules/@rollup/rollup-win32-ia32-msvc
59 silly reify mark deleted [ '/home/user/node_modules/@rollup/rollup-win32-ia32-msvc' ]
60 verbose reify failed optional dependency /home/user/node_modules/@rollup/rollup-win32-arm64-msvc
61 silly reify mark deleted [ '/home/user/node_modules/@rollup/rollup-win32-arm64-msvc' ]
62 verbose reify failed optional dependency /home/user/node_modules/@rollup/rollup-openharmony-arm64
63 silly reify mark deleted [ '/home/user/node_modules/@rollup/rollup-openharmony-arm64' ]
64 verbose reify failed optional dependency /home/user/node_modules/@rollup/rollup-openbsd-x64
65 silly reify mark deleted [ '/home/user/node_modules/@rollup/rollup-openbsd-x64' ]
66 verbose reify failed optional dependency /home/user/node_modules/@rollup/rollup-linux-s390x-gnu
67 silly reify mark deleted [ '/home/user/node_modules/@rollup/rollup-linux-s390x-gnu' ]
68 verbose reify failed optional dependency /home/user/node_modules/@rollup/rollup-linux-riscv64-musl
69 silly reify mark deleted [ '/home/user/node_modules/@rollup/rollup-linux-riscv64-musl' ]
70 verbose reify failed optional dependency /home/user/node_modules/@rollup/rollup-linux-riscv64-gnu
71 silly reify mark deleted [ '/home/user/node_modules/@rollup/rollup-linux-riscv64-gnu' ]
72 verbose reify failed optional dependency /home/user/node_modules/@rollup/rollup-linux-ppc64-musl
73 silly reify mark deleted [ '/home/user/node_modules/@rollup/rollup-linux-ppc64-musl' ]
74 verbose reify failed optional dependency /home/user/node_modules/@rollup/rollup-linux-ppc64-gnu
75 silly reify mark deleted [ '/home/user/node_modules/@rollup/rollup-linux-ppc64-gnu' ]
76 verbose reify failed optional dependency /home/user/node_modules/@rollup/rollup-linux-loong64-musl
77 silly reify mark deleted [ '/home/user/node_modules/@rollup/rollup-linux-loong64-musl' ]
78 verbose reify failed optional dependency /home/user/node_modules/@rollup/rollup-linux-loong64-gnu
79 silly reify mark deleted [ '/home/user/node_modules/@rollup/rollup-linux-loong64-gnu' ]
80 verbose reify failed optional dependency /home/user/node_modules/@rollup/rollup-linux-arm64-musl
81 silly reify mark deleted [ '/home/user/node_modules/@rollup/rollup-linux-arm64-musl' ]
82 verbose reify failed optional dependency /home/user/node_modules/@rollup/rollup-linux-arm64-gnu
83 silly reify mark deleted [ '/home/user/node_modules/@rollup/rollup-linux-arm64-gnu' ]
84 verbose reify failed optional dependency /home/user/node_modules/@rollup/rollup-linux-arm-musleabihf
85 silly reify mark deleted [ '/home/user/node_modules/@rollup/rollup-linux-arm-musleabihf' ]
86 verbose reify failed optional dependency /home/user/node_modules/@rollup/rollup-linux-arm-gnueabihf
87 silly reify mark deleted [ '/home/user/node_modules/@rollup/rollup-linux-arm-gnueabihf' ]
88 verbose reify failed optional dependency /home/user/node_modules/@rollup/rollup-freebsd-x64
89 silly reify mark deleted [ '/home/user/node_modules/@rollup/rollup-freebsd-x64' ]
90 verbose reify failed optional dependency /home/user/node_modules/@rollup/rollup-freebsd-arm64
91 silly reify mark deleted [ '/home/user/node_modules/@rollup/rollup-freebsd-arm64' ]
92 verbose reify failed optional dependency /home/user/node_modules/@rollup/rollup-darwin-x64
93 silly reify mark deleted [ '/home/user/node_modules/@rollup/rollup-darwin-x64' ]
94 verbose reify failed optional dependency /home/user/node_modules/@rollup/rollup-darwin-arm64
95 silly reify mark deleted [ '/home/user/node_modules/@rollup/rollup-darwin-arm64' ]
96 verbose reify failed optional dependency /home/user/node_modules/@rollup/rollup-android-arm64
97 silly reify mark deleted [ '/home/user/node_modules/@rollup/rollup-android-arm64' ]
98 verbose reify failed optional dependency /home/user/node_modules/@rollup/rollup-android-arm-eabi
99 silly reify mark deleted [ '/home/user/node_modules/@rollup/rollup-android-arm-eabi' ]
100 verbose reify failed optional dependency /home/user/node_modules/@napi-rs/lzma-linux-x64-gnu
101 silly reify mark deleted [ '/home/user/node_modules/@napi-rs/lzma-linux-x64-gnu' ]
102 verbose reify failed optional dependency /home/user/node_modules/@esbuild/win32-x64
103 silly reify mark deleted [ '/home/user/node_modules/@esbuild/win32-x64' ]
104 verbose reify failed optional dependency /home/user/node_modules/@esbuild/win32-ia32
105 silly reify mark deleted [ '/home/user/node_modules/@esbuild/win32-ia32' ]
106 verbose reify failed optional dependency /home/user/node_modules/@esbuild/win32-arm64
107 silly reify mark deleted [ '/home/user/node_modules/@esbuild/win32-arm64' ]
108 verbose reify failed optional dependency /home/user/node_modules/@esbuild/sunos-x64
109 silly reify mark deleted [ '/home/user/node_modules/@esbuild/sunos-x64' ]
110 verbose reify failed optional dependency /home/user/node_modules/@esbuild/openharmony-arm64
111 silly reify mark deleted [ '/home/user/node_modules/@esbuild/openharmony-arm64' ]
112 verbose reify failed optional dependency /home/user/node_modules/@esbuild/openbsd-x64
113 silly reify mark deleted [ '/home/user/node_modules/@esbuild/openbsd-x64' ]
114 verbose reify failed optional dependency /home/user/node_modules/@esbuild/openbsd-arm64
115 silly reify mark deleted [ '/home/user/node_modules/@esbuild/openbsd-arm64' ]
116 verbose reify failed optional dependency /home/user/node_modules/@esbuild/netbsd-x64
117 silly reify mark deleted [ '/home/user/node_modules/@esbuild/netbsd-x64' ]
118 verbose reify failed optional dependency /home/user/node_modules/@esbuild/netbsd-arm64
119 silly reify mark deleted [ '/home/user/node_modules/@esbuild/netbsd-arm64' ]
120 verbose reify failed optional dependency /home/user/node_modules/@esbuild/linux-s390x
121 silly reify mark deleted [ '/home/user/node_modules/@esbuild/linux-s390x' ]
122 verbose reify failed optional dependency /home/user/node_modules/@esbuild/linux-riscv64
123 silly reify mark deleted [ '/home/user/node_modules/@esbuild/linux-riscv64' ]
124 verbose reify failed optional dependency /home/user/node_modules/@esbuild/linux-ppc64
125 silly reify mark deleted [ '/home/user/node_modules/@esbuild/linux-ppc64' ]
126 verbose reify failed optional dependency /home/user/node_modules/@esbuild/linux-mips64el
127 silly reify mark deleted [ '/home/user/node_modules/@esbuild/linux-mips64el' ]
128 verbose reify failed optional dependency /home/user/node_modules/@esbuild/linux-loong64
129 silly reify mark deleted [ '/home/user/node_modules/@esbuild/linux-loong64' ]
130 verbose reify failed optional dependency /home/user/node_modules/@esbuild/linux-ia32
131 silly reify mark deleted [ '/home/user/node_modules/@esbuild/linux-ia32' ]
132 verbose reify failed optional dependency /home/user/node_modules/@esbuild/linux-arm64
133 silly reify mark deleted [ '/home/user/node_modules/@esbuild/linux-arm64' ]
134 verbose reify failed optional dependency /home/user/node_modules/@esbuild/linux-arm
135 silly reify mark deleted [ '/home/user/node_modules/@esbuild/linux-arm' ]
136 verbose reify failed optional dependency /home/user/node_modules/@esbuild/freebsd-x64
137 silly reify mark deleted [ '/home/user/node_modules/@esbuild/freebsd-x64' ]
138 verbose reify failed optional dependency /home/user/node_modules/@esbuild/freebsd-arm64
139 silly reify mark deleted [ '/home/user/node_modules/@esbuild/freebsd-arm64' ]
140 verbose reify failed optional dependency /home/user/node_modules/@esbuild/darwin-x64
141 silly reify mark deleted [ '/home/user/node_modules/@esbuild/darwin-x64' ]
142 verbose reify failed optional dependency /home/user/node_modules/@esbuild/darwin-arm64
143 silly reify mark deleted [ '/home/user/node_modules/@esbuild/darwin-arm64' ]
144 verbose reify failed optional dependency /home/user/node_modules/@esbuild/android-x64
145 silly reify mark deleted [ '/home/user/node_modules/@esbuild/android-x64' ]
146 verbose reify failed optional dependency /home/user/node_modules/@esbuild/android-arm64
147 silly reify mark deleted [ '/home/user/node_modules/@esbuild/android-arm64' ]
148 verbose reify failed optional dependency /home/user/node_modules/@esbuild/android-arm
149 silly reify mark deleted [ '/home/user/node_modules/@esbuild/android-arm' ]
150 verbose reify failed optional dependency /home/user/node_modules/@esbuild/aix-ppc64
151 silly reify mark deleted [ '/home/user/node_modules/@esbuild/aix-ppc64' ]
152 silly tarball no local data for zod-validation-error@https://registry.npmjs.org/zod-validation-error/-/zod-validation-error-4.0.2.tgz. Extracting by manifest.
153 silly tarball no local data for zod@https://registry.npmjs.org/zod/-/zod-4.6.5.tgz. Extracting by manifest.
154 silly tarball no local data for yocto-queue@https://registry.npmjs.org/yocto-queue/-/yocto-queue-0.1.0.tgz. Extracting by manifest.
155 silly tarball no local data for yallist@https://registry.npmjs.org/yallist/-/yallist-3.1.1.tgz. Extracting by manifest.
156 silly tarball no local data for ws@https://registry.npmjs.org/ws/-/ws-8.21.3.tgz. Extracting by manifest.
157 silly tarball no local data for word-wrap@https://registry.npmjs.org/word-wrap/-/word-wrap-1.2.5.tgz. Extracting by manifest.
158 silly tarball no local data for which@https://registry.npmjs.org/which/-/which-2.0.2.tgz. Extracting by manifest.
159 silly tarball no local data for vite@https://registry.npmjs.org/vite/-/vite-7.3.6.tgz. Extracting by manifest.
160 silly tarball no local data for uri-js@https://registry.npmjs.org/uri-js/-/uri-js-4.4.1.tgz. Extracting by manifest.
161 silly tarball no local data for update-browserslist-db@https://registry.npmjs.org/update-browserslist-db/-/update-browserslist-db-1.3.3.tgz. Extracting by manifest.
162 silly tarball no local data for undici-types@https://registry.npmjs.org/undici-types/-/undici-types-7.18.2.tgz. Extracting by manifest.
163 silly tarball no local data for typescript-eslint@https://registry.npmjs.org/typescript-eslint/-/typescript-eslint-8.70.1.tgz. Extracting by manifest.
164 silly tarball no local data for typescript@https://registry.npmjs.org/typescript/-/typescript-5.9.3.tgz. Extracting by manifest.
165 silly tarball no local data for type-check@https://registry.npmjs.org/type-check/-/type-check-0.4.0.tgz. Extracting by manifest.
166 silly tarball no local data for tslib@https://registry.npmjs.org/tslib/-/tslib-2.8.1.tgz. Extracting by manifest.
167 silly tarball no local data for ts-api-utils@https://registry.npmjs.org/ts-api-utils/-/ts-api-utils-2.5.0.tgz. Extracting by manifest.
168 silly tarball no local data for tinyglobby@https://registry.npmjs.org/tinyglobby/-/tinyglobby-0.2.17.tgz. Extracting by manifest.
169 silly tarball no local data for tapable@https://registry.npmjs.org/tapable/-/tapable-2.3.3.tgz. Extracting by manifest.
170 silly tarball no local data for tailwindcss@https://registry.npmjs.org/tailwindcss/-/tailwindcss-4.2.1.tgz. Extracting by manifest.
171 silly tarball no local data for supports-color@https://registry.npmjs.org/supports-color/-/supports-color-7.2.0.tgz. Extracting by manifest.
172 silly tarball no local data for strip-json-comments@https://registry.npmjs.org/strip-json-comments/-/strip-json-comments-3.1.1.tgz. Extracting by manifest.
173 silly tarball no local data for source-map-js@https://registry.npmjs.org/source-map-js/-/source-map-js-1.2.1.tgz. Extracting by manifest.
174 silly tarball no local data for shebang-regex@https://registry.npmjs.org/shebang-regex/-/shebang-regex-3.0.0.tgz. Extracting by manifest.
175 silly tarball no local data for shebang-command@https://registry.npmjs.org/shebang-command/-/shebang-command-2.0.0.tgz. Extracting by manifest.
176 silly tarball no local data for set-cookie-parser@https://registry.npmjs.org/set-cookie-parser/-/set-cookie-parser-2.7.2.tgz. Extracting by manifest.
177 silly tarball no local data for semver@https://registry.npmjs.org/semver/-/semver-6.3.1.tgz. Extracting by manifest.
178 silly tarball no local data for scheduler@https://registry.npmjs.org/scheduler/-/scheduler-0.28.0.tgz. Extracting by manifest.
179 silly tarball no local data for rollup@https://registry.npmjs.org/rollup/-/rollup-4.63.4.tgz. Extracting by manifest.
180 silly tarball no local data for resolve-from@https://registry.npmjs.org/resolve-from/-/resolve-from-4.0.0.tgz. Extracting by manifest.
181 silly tarball no local data for react-router-dom@https://registry.npmjs.org/react-router-dom/-/react-router-dom-7.13.1.tgz. Extracting by manifest.
182 silly tarball no local data for react-router@https://registry.npmjs.org/react-router/-/react-router-7.13.1.tgz. Extracting by manifest.
183 silly tarball no local data for react-refresh@https://registry.npmjs.org/react-refresh/-/react-refresh-0.18.0.tgz. Extracting by manifest.
184 silly tarball no local data for react-dom@https://registry.npmjs.org/react-dom/-/react-dom-19.3.0.tgz. Extracting by manifest.
185 silly tarball no local data for react@https://registry.npmjs.org/react/-/react-19.3.0.tgz. Extracting by manifest.
186 silly tarball no local data for punycode@https://registry.npmjs.org/punycode/-/punycode-2.3.1.tgz. Extracting by manifest.
187 silly tarball no local data for prelude-ls@https://registry.npmjs.org/prelude-ls/-/prelude-ls-1.2.1.tgz. Extracting by manifest.
188 silly tarball no local data for postcss@https://registry.npmjs.org/postcss/-/postcss-8.5.28.tgz. Extracting by manifest.
189 silly tarball no local data for picomatch@https://registry.npmjs.org/picomatch/-/picomatch-4.0.7.tgz. Extracting by manifest.
190 silly tarball no local data for picocolors@https://registry.npmjs.org/picocolors/-/picocolors-1.1.1.tgz. Extracting by manifest.
191 silly tarball no local data for path-key@https://registry.npmjs.org/path-key/-/path-key-3.1.1.tgz. Extracting by manifest.
192 silly tarball no local data for path-exists@https://registry.npmjs.org/path-exists/-/path-exists-4.0.0.tgz. Extracting by manifest.
193 silly tarball no local data for parent-module@https://registry.npmjs.org/parent-module/-/parent-module-1.0.1.tgz. Extracting by manifest.
194 silly tarball no local data for p-locate@https://registry.npmjs.org/p-locate/-/p-locate-5.0.0.tgz. Extracting by manifest.
195 silly tarball no local data for p-limit@https://registry.npmjs.org/p-limit/-/p-limit-3.1.0.tgz. Extracting by manifest.
196 silly tarball no local data for optionator@https://registry.npmjs.org/optionator/-/optionator-0.9.4.tgz. Extracting by manifest.
197 silly tarball no local data for node-releases@https://registry.npmjs.org/node-releases/-/node-releases-2.0.57.tgz. Extracting by manifest.
198 silly tarball no local data for natural-compare@https://registry.npmjs.org/natural-compare/-/natural-compare-1.4.0.tgz. Extracting by manifest.
199 silly tarball no local data for nanoid@https://registry.npmjs.org/nanoid/-/nanoid-3.3.19.tgz. Extracting by manifest.
200 silly tarball no local data for ms@https://registry.npmjs.org/ms/-/ms-2.1.3.tgz. Extracting by manifest.
201 silly tarball no local data for motion-utils@https://registry.npmjs.org/motion-utils/-/motion-utils-12.39.0.tgz. Extracting by manifest.
202 silly tarball no local data for motion-dom@https://registry.npmjs.org/motion-dom/-/motion-dom-12.43.0.tgz. Extracting by manifest.
203 silly tarball no local data for minimatch@https://registry.npmjs.org/minimatch/-/minimatch-3.1.5.tgz. Extracting by manifest.
204 silly tarball no local data for magic-string@https://registry.npmjs.org/magic-string/-/magic-string-0.30.21.tgz. Extracting by manifest.
205 silly tarball no local data for lucide-react@https://registry.npmjs.org/lucide-react/-/lucide-react-0.577.0.tgz. Extracting by manifest.
206 silly tarball no local data for lru-cache@https://registry.npmjs.org/lru-cache/-/lru-cache-5.1.1.tgz. Extracting by manifest.
207 silly tarball no local data for lodash.merge@https://registry.npmjs.org/lodash.merge/-/lodash.merge-4.6.2.tgz. Extracting by manifest.
208 silly tarball no local data for locate-path@https://registry.npmjs.org/locate-path/-/locate-path-6.0.0.tgz. Extracting by manifest.
209 silly tarball no local data for lightningcss-linux-x64-musl@https://registry.npmjs.org/lightningcss-linux-x64-musl/-/lightningcss-linux-x64-musl-1.31.1.tgz. Extracting by manifest.
210 silly tarball no local data for lightningcss-linux-x64-gnu@https://registry.npmjs.org/lightningcss-linux-x64-gnu/-/lightningcss-linux-x64-gnu-1.31.1.tgz. Extracting by manifest.
211 silly tarball no local data for lightningcss@https://registry.npmjs.org/lightningcss/-/lightningcss-1.31.1.tgz. Extracting by manifest.
212 silly tarball no local data for levn@https://registry.npmjs.org/levn/-/levn-0.4.1.tgz. Extracting by manifest.
213 silly tarball no local data for keyv@https://registry.npmjs.org/keyv/-/keyv-4.5.4.tgz. Extracting by manifest.
214 silly tarball no local data for json5@https://registry.npmjs.org/json5/-/json5-2.2.3.tgz. Extracting by manifest.
215 silly tarball no local data for json-stable-stringify-without-jsonify@https://registry.npmjs.org/json-stable-stringify-without-jsonify/-/json-stable-stringify-without-jsonify-1.0.1.tgz. Extracting by manifest.
216 silly tarball no local data for json-schema-traverse@https://registry.npmjs.org/json-schema-traverse/-/json-schema-traverse-0.4.1.tgz. Extracting by manifest.
217 silly tarball no local data for json-buffer@https://registry.npmjs.org/json-buffer/-/json-buffer-3.0.1.tgz. Extracting by manifest.
218 silly tarball no local data for jsesc@https://registry.npmjs.org/jsesc/-/jsesc-3.1.0.tgz. Extracting by manifest.
219 silly tarball no local data for js-yaml@https://registry.npmjs.org/js-yaml/-/js-yaml-4.3.2.tgz. Extracting by manifest.
220 silly tarball no local data for js-tokens@https://registry.npmjs.org/js-tokens/-/js-tokens-4.0.0.tgz. Extracting by manifest.
221 silly tarball no local data for jiti@https://registry.npmjs.org/jiti/-/jiti-2.7.0.tgz. Extracting by manifest.
222 silly tarball no local data for isexe@https://registry.npmjs.org/isexe/-/isexe-2.0.0.tgz. Extracting by manifest.
223 silly tarball no local data for is-glob@https://registry.npmjs.org/is-glob/-/is-glob-4.0.3.tgz. Extracting by manifest.
224 silly tarball no local data for is-extglob@https://registry.npmjs.org/is-extglob/-/is-extglob-2.1.1.tgz. Extracting by manifest.
225 silly tarball no local data for imurmurhash@https://registry.npmjs.org/imurmurhash/-/imurmurhash-0.1.4.tgz. Extracting by manifest.
226 silly tarball no local data for import-fresh@https://registry.npmjs.org/import-fresh/-/import-fresh-3.3.1.tgz. Extracting by manifest.
227 silly tarball no local data for ignore@https://registry.npmjs.org/ignore/-/ignore-5.3.2.tgz. Extracting by manifest.
228 silly tarball no local data for iceberg-js@https://registry.npmjs.org/iceberg-js/-/iceberg-js-0.8.1.tgz. Extracting by manifest.
229 silly tarball no local data for hermes-parser@https://registry.npmjs.org/hermes-parser/-/hermes-parser-0.25.1.tgz. Extracting by manifest.
230 silly tarball no local data for hermes-estree@https://registry.npmjs.org/hermes-estree/-/hermes-estree-0.25.1.tgz. Extracting by manifest.
231 silly tarball no local data for has-flag@https://registry.npmjs.org/has-flag/-/has-flag-4.0.0.tgz. Extracting by manifest.
232 silly tarball no local data for graceful-fs@https://registry.npmjs.org/graceful-fs/-/graceful-fs-4.2.11.tgz. Extracting by manifest.
233 silly tarball no local data for globals@https://registry.npmjs.org/globals/-/globals-16.5.0.tgz. Extracting by manifest.
234 silly tarball no local data for glob-parent@https://registry.npmjs.org/glob-parent/-/glob-parent-6.0.2.tgz. Extracting by manifest.
235 silly tarball no local data for gensync@https://registry.npmjs.org/gensync/-/gensync-1.0.0-beta.2.tgz. Extracting by manifest.
236 silly tarball no local data for framer-motion@https://registry.npmjs.org/framer-motion/-/framer-motion-12.35.0.tgz. Extracting by manifest.
237 silly tarball no local data for flatted@https://registry.npmjs.org/flatted/-/flatted-3.4.4.tgz. Extracting by manifest.
238 silly tarball no local data for flat-cache@https://registry.npmjs.org/flat-cache/-/flat-cache-4.0.1.tgz. Extracting by manifest.
239 silly tarball no local data for find-up@https://registry.npmjs.org/find-up/-/find-up-5.0.0.tgz. Extracting by manifest.
240 silly tarball no local data for file-entry-cache@https://registry.npmjs.org/file-entry-cache/-/file-entry-cache-8.0.0.tgz. Extracting by manifest.
241 silly tarball no local data for fdir@https://registry.npmjs.org/fdir/-/fdir-6.5.0.tgz. Extracting by manifest.
242 silly tarball no local data for fast-levenshtein@https://registry.npmjs.org/fast-levenshtein/-/fast-levenshtein-2.0.6.tgz. Extracting by manifest.
243 silly tarball no local data for fast-json-stable-stringify@https://registry.npmjs.org/fast-json-stable-stringify/-/fast-json-stable-stringify-2.1.0.tgz. Extracting by manifest.
244 silly tarball no local data for fast-deep-equal@https://registry.npmjs.org/fast-deep-equal/-/fast-deep-equal-3.1.3.tgz. Extracting by manifest.
245 silly tarball no local data for esutils@https://registry.npmjs.org/esutils/-/esutils-2.0.3.tgz. Extracting by manifest.
246 silly tarball no local data for estraverse@https://registry.npmjs.org/estraverse/-/estraverse-5.3.0.tgz. Extracting by manifest.
247 silly tarball no local data for esrecurse@https://registry.npmjs.org/esrecurse/-/esrecurse-4.3.0.tgz. Extracting by manifest.
248 silly tarball no local data for esquery@https://registry.npmjs.org/esquery/-/esquery-1.7.0.tgz. Extracting by manifest.
249 silly tarball no local data for espree@https://registry.npmjs.org/espree/-/espree-10.4.0.tgz. Extracting by manifest.
250 silly tarball no local data for eslint-visitor-keys@https://registry.npmjs.org/eslint-visitor-keys/-/eslint-visitor-keys-4.2.1.tgz. Extracting by manifest.
251 silly tarball no local data for eslint-scope@https://registry.npmjs.org/eslint-scope/-/eslint-scope-8.4.0.tgz. Extracting by manifest.
252 silly tarball no local data for eslint-plugin-react-refresh@https://registry.npmjs.org/eslint-plugin-react-refresh/-/eslint-plugin-react-refresh-0.4.26.tgz. Extracting by manifest.
253 silly tarball no local data for eslint-plugin-react-hooks@https://registry.npmjs.org/eslint-plugin-react-hooks/-/eslint-plugin-react-hooks-7.1.1.tgz. Extracting by manifest.
254 silly tarball no local data for eslint@https://registry.npmjs.org/eslint/-/eslint-9.39.5.tgz. Extracting by manifest.
255 silly tarball no local data for escape-string-regexp@https://registry.npmjs.org/escape-string-regexp/-/escape-string-regexp-4.0.0.tgz. Extracting by manifest.
256 silly tarball no local data for escalade@https://registry.npmjs.org/escalade/-/escalade-3.2.0.tgz. Extracting by manifest.
257 silly tarball no local data for esbuild@https://registry.npmjs.org/esbuild/-/esbuild-0.28.2.tgz. Extracting by manifest.
258 silly tarball no local data for enhanced-resolve@https://registry.npmjs.org/enhanced-resolve/-/enhanced-resolve-5.25.1.tgz. Extracting by manifest.
259 silly tarball no local data for electron-to-chromium@https://registry.npmjs.org/electron-to-chromium/-/electron-to-chromium-1.5.438.tgz. Extracting by manifest.
260 silly tarball no local data for detect-libc@https://registry.npmjs.org/detect-libc/-/detect-libc-2.1.2.tgz. Extracting by manifest.
261 silly tarball no local data for deep-is@https://registry.npmjs.org/deep-is/-/deep-is-0.1.4.tgz. Extracting by manifest.
262 silly tarball no local data for debug@https://registry.npmjs.org/debug/-/debug-4.4.3.tgz. Extracting by manifest.
263 silly tarball no local data for csstype@https://registry.npmjs.org/csstype/-/csstype-3.2.3.tgz. Extracting by manifest.
264 silly tarball no local data for cross-spawn@https://registry.npmjs.org/cross-spawn/-/cross-spawn-7.0.6.tgz. Extracting by manifest.
265 silly tarball no local data for cookie@https://registry.npmjs.org/cookie/-/cookie-1.1.1.tgz. Extracting by manifest.
266 silly tarball no local data for convert-source-map@https://registry.npmjs.org/convert-source-map/-/convert-source-map-2.0.0.tgz. Extracting by manifest.
267 silly tarball no local data for concat-map@https://registry.npmjs.org/concat-map/-/concat-map-0.0.1.tgz. Extracting by manifest.
268 silly tarball no local data for color-name@https://registry.npmjs.org/color-name/-/color-name-1.1.4.tgz. Extracting by manifest.
269 silly tarball no local data for color-convert@https://registry.npmjs.org/color-convert/-/color-convert-2.0.1.tgz. Extracting by manifest.
270 silly tarball no local data for chalk@https://registry.npmjs.org/chalk/-/chalk-4.1.2.tgz. Extracting by manifest.
271 silly tarball no local data for caniuse-lite@https://registry.npmjs.org/caniuse-lite/-/caniuse-lite-1.0.30001810.tgz. Extracting by manifest.
272 silly tarball no local data for callsites@https://registry.npmjs.org/callsites/-/callsites-3.1.0.tgz. Extracting by manifest.
273 silly tarball no local data for browserslist@https://registry.npmjs.org/browserslist/-/browserslist-4.29.0.tgz. Extracting by manifest.
274 silly tarball no local data for brace-expansion@https://registry.npmjs.org/brace-expansion/-/brace-expansion-1.1.21.tgz. Extracting by manifest.
275 silly tarball no local data for baseline-browser-mapping@https://registry.npmjs.org/baseline-browser-mapping/-/baseline-browser-mapping-2.11.25.tgz. Extracting by manifest.
276 silly tarball no local data for balanced-match@https://registry.npmjs.org/balanced-match/-/balanced-match-1.0.2.tgz. Extracting by manifest.
277 silly tarball no local data for argparse@https://registry.npmjs.org/argparse/-/argparse-2.0.1.tgz. Extracting by manifest.
278 silly tarball no local data for ansi-styles@https://registry.npmjs.org/ansi-styles/-/ansi-styles-4.3.0.tgz. Extracting by manifest.
279 silly tarball no local data for ajv@https://registry.npmjs.org/ajv/-/ajv-6.15.0.tgz. Extracting by manifest.
280 silly tarball no local data for acorn-jsx@https://registry.npmjs.org/acorn-jsx/-/acorn-jsx-5.3.2.tgz. Extracting by manifest.
281 silly tarball no local data for acorn@https://registry.npmjs.org/acorn/-/acorn-8.18.0.tgz. Extracting by manifest.
282 silly tarball no local data for @vitejs/plugin-react@https://registry.npmjs.org/@vitejs/plugin-react/-/plugin-react-5.2.0.tgz. Extracting by manifest.
283 silly tarball no local data for @typescript-eslint/visitor-keys@https://registry.npmjs.org/@typescript-eslint/visitor-keys/-/visitor-keys-8.70.1.tgz. Extracting by manifest.
284 silly tarball no local data for @typescript-eslint/utils@https://registry.npmjs.org/@typescript-eslint/utils/-/utils-8.70.1.tgz. Extracting by manifest.
285 silly tarball no local data for @typescript-eslint/typescript-estree@https://registry.npmjs.org/@typescript-eslint/typescript-estree/-/typescript-estree-8.70.1.tgz. Extracting by manifest.
286 silly tarball no local data for @typescript-eslint/types@https://registry.npmjs.org/@typescript-eslint/types/-/types-8.70.1.tgz. Extracting by manifest.
287 silly tarball no local data for @typescript-eslint/type-utils@https://registry.npmjs.org/@typescript-eslint/type-utils/-/type-utils-8.70.1.tgz. Extracting by manifest.
288 silly tarball no local data for @typescript-eslint/tsconfig-utils@https://registry.npmjs.org/@typescript-eslint/tsconfig-utils/-/tsconfig-utils-8.70.1.tgz. Extracting by manifest.
289 silly tarball no local data for @typescript-eslint/scope-manager@https://registry.npmjs.org/@typescript-eslint/scope-manager/-/scope-manager-8.70.1.tgz. Extracting by manifest.
290 silly tarball no local data for @typescript-eslint/project-service@https://registry.npmjs.org/@typescript-eslint/project-service/-/project-service-8.70.1.tgz. Extracting by manifest.
291 silly tarball no local data for @typescript-eslint/parser@https://registry.npmjs.org/@typescript-eslint/parser/-/parser-8.70.1.tgz. Extracting by manifest.
292 silly tarball no local data for @typescript-eslint/eslint-plugin@https://registry.npmjs.org/@typescript-eslint/eslint-plugin/-/eslint-plugin-8.70.1.tgz. Extracting by manifest.
293 silly tarball no local data for @types/ws@https://registry.npmjs.org/@types/ws/-/ws-8.18.1.tgz. Extracting by manifest.
294 silly tarball no local data for @types/react-dom@https://registry.npmjs.org/@types/react-dom/-/react-dom-19.3.0.tgz. Extracting by manifest.
295 silly tarball no local data for @types/react@https://registry.npmjs.org/@types/react/-/react-19.3.0.tgz. Extracting by manifest.
296 silly tarball no local data for @types/phoenix@https://registry.npmjs.org/@types/phoenix/-/phoenix-1.6.7.tgz. Extracting by manifest.
297 silly tarball no local data for @types/node@https://registry.npmjs.org/@types/node/-/node-24.13.6.tgz. Extracting by manifest.
298 silly tarball no local data for @types/json-schema@https://registry.npmjs.org/@types/json-schema/-/json-schema-7.0.15.tgz. Extracting by manifest.
299 silly tarball no local data for @types/estree@https://registry.npmjs.org/@types/estree/-/estree-1.0.9.tgz. Extracting by manifest.
300 silly tarball no local data for @types/babel__traverse@https://registry.npmjs.org/@types/babel__traverse/-/babel__traverse-7.28.0.tgz. Extracting by manifest.
301 silly tarball no local data for @types/babel__template@https://registry.npmjs.org/@types/babel__template/-/babel__template-7.4.4.tgz. Extracting by manifest.
302 silly tarball no local data for @types/babel__generator@https://registry.npmjs.org/@types/babel__generator/-/babel__generator-7.27.0.tgz. Extracting by manifest.
303 silly tarball no local data for @types/babel__core@https://registry.npmjs.org/@types/babel__core/-/babel__core-7.20.5.tgz. Extracting by manifest.
304 silly tarball no local data for @tailwindcss/vite@https://registry.npmjs.org/@tailwindcss/vite/-/vite-4.2.1.tgz. Extracting by manifest.
305 silly tarball no local data for @tailwindcss/oxide-linux-x64-musl@https://registry.npmjs.org/@tailwindcss/oxide-linux-x64-musl/-/oxide-linux-x64-musl-4.2.1.tgz. Extracting by manifest.
306 silly tarball no local data for @tailwindcss/oxide-linux-x64-gnu@https://registry.npmjs.org/@tailwindcss/oxide-linux-x64-gnu/-/oxide-linux-x64-gnu-4.2.1.tgz. Extracting by manifest.
307 silly tarball no local data for @tailwindcss/oxide@https://registry.npmjs.org/@tailwindcss/oxide/-/oxide-4.2.1.tgz. Extracting by manifest.
308 silly tarball no local data for @tailwindcss/node@https://registry.npmjs.org/@tailwindcss/node/-/node-4.2.1.tgz. Extracting by manifest.
309 silly tarball no local data for @supabase/supabase-js@https://registry.npmjs.org/@supabase/supabase-js/-/supabase-js-2.99.1.tgz. Extracting by manifest.
310 silly tarball no local data for @supabase/storage-js@https://registry.npmjs.org/@supabase/storage-js/-/storage-js-2.99.1.tgz. Extracting by manifest.
311 silly tarball no local data for @supabase/realtime-js@https://registry.npmjs.org/@supabase/realtime-js/-/realtime-js-2.99.1.tgz. Extracting by manifest.
312 silly tarball no local data for @supabase/postgrest-js@https://registry.npmjs.org/@supabase/postgrest-js/-/postgrest-js-2.99.1.tgz. Extracting by manifest.
313 silly tarball no local data for @supabase/functions-js@https://registry.npmjs.org/@supabase/functions-js/-/functions-js-2.99.1.tgz. Extracting by manifest.
314 silly tarball no local data for @supabase/auth-js@https://registry.npmjs.org/@supabase/auth-js/-/auth-js-2.99.1.tgz. Extracting by manifest.
315 silly tarball no local data for @rollup/rollup-linux-x64-musl@https://registry.npmjs.org/@rollup/rollup-linux-x64-musl/-/rollup-linux-x64-musl-4.63.4.tgz. Extracting by manifest.
316 silly tarball no local data for @rollup/rollup-linux-x64-gnu@https://registry.npmjs.org/@rollup/rollup-linux-x64-gnu/-/rollup-linux-x64-gnu-4.63.4.tgz. Extracting by manifest.
317 silly tarball no local data for @rolldown/pluginutils@https://registry.npmjs.org/@rolldown/pluginutils/-/pluginutils-1.0.0-rc.3.tgz. Extracting by manifest.
318 silly tarball no local data for @jridgewell/trace-mapping@https://registry.npmjs.org/@jridgewell/trace-mapping/-/trace-mapping-0.3.31.tgz. Extracting by manifest.
319 silly tarball no local data for @jridgewell/sourcemap-codec@https://registry.npmjs.org/@jridgewell/sourcemap-codec/-/sourcemap-codec-1.6.0.tgz. Extracting by manifest.
320 silly tarball no local data for @jridgewell/resolve-uri@https://registry.npmjs.org/@jridgewell/resolve-uri/-/resolve-uri-3.1.2.tgz. Extracting by manifest.
321 silly tarball no local data for @jridgewell/remapping@https://registry.npmjs.org/@jridgewell/remapping/-/remapping-2.3.5.tgz. Extracting by manifest.
322 silly tarball no local data for @jridgewell/gen-mapping@https://registry.npmjs.org/@jridgewell/gen-mapping/-/gen-mapping-0.3.13.tgz. Extracting by manifest.
323 silly tarball no local data for @humanwhocodes/retry@https://registry.npmjs.org/@humanwhocodes/retry/-/retry-0.4.3.tgz. Extracting by manifest.
324 silly tarball no local data for @humanwhocodes/module-importer@https://registry.npmjs.org/@humanwhocodes/module-importer/-/module-importer-1.0.1.tgz. Extracting by manifest.
325 silly tarball no local data for @humanfs/types@https://registry.npmjs.org/@humanfs/types/-/types-0.15.0.tgz. Extracting by manifest.
326 silly tarball no local data for @humanfs/node@https://registry.npmjs.org/@humanfs/node/-/node-0.16.8.tgz. Extracting by manifest.
327 silly tarball no local data for @humanfs/core@https://registry.npmjs.org/@humanfs/core/-/core-0.19.2.tgz. Extracting by manifest.
328 silly tarball no local data for @eslint/plugin-kit@https://registry.npmjs.org/@eslint/plugin-kit/-/plugin-kit-0.4.1.tgz. Extracting by manifest.
329 silly tarball no local data for @eslint/object-schema@https://registry.npmjs.org/@eslint/object-schema/-/object-schema-2.1.7.tgz. Extracting by manifest.
330 silly tarball no local data for @eslint/js@https://registry.npmjs.org/@eslint/js/-/js-9.39.5.tgz. Extracting by manifest.
331 silly tarball no local data for @eslint/eslintrc@https://registry.npmjs.org/@eslint/eslintrc/-/eslintrc-3.3.7.tgz. Extracting by manifest.
332 silly tarball no local data for @eslint/core@https://registry.npmjs.org/@eslint/core/-/core-0.17.0.tgz. Extracting by manifest.
333 silly tarball no local data for @eslint/config-helpers@https://registry.npmjs.org/@eslint/config-helpers/-/config-helpers-0.4.2.tgz. Extracting by manifest.
334 silly tarball no local data for @eslint/config-array@https://registry.npmjs.org/@eslint/config-array/-/config-array-0.21.2.tgz. Extracting by manifest.
335 silly tarball no local data for @eslint-community/regexpp@https://registry.npmjs.org/@eslint-community/regexpp/-/regexpp-4.12.2.tgz. Extracting by manifest.
336 silly tarball no local data for @eslint-community/eslint-utils@https://registry.npmjs.org/@eslint-community/eslint-utils/-/eslint-utils-4.10.1.tgz. Extracting by manifest.
337 silly tarball no local data for @esbuild/linux-x64@https://registry.npmjs.org/@esbuild/linux-x64/-/linux-x64-0.28.2.tgz. Extracting by manifest.
338 silly tarball no local data for @babel/types@https://registry.npmjs.org/@babel/types/-/types-7.29.8.tgz. Extracting by manifest.
339 silly tarball no local data for @babel/traverse@https://registry.npmjs.org/@babel/traverse/-/traverse-7.29.8.tgz. Extracting by manifest.
340 silly tarball no local data for @babel/template@https://registry.npmjs.org/@babel/template/-/template-7.29.7.tgz. Extracting by manifest.
341 silly tarball no local data for @babel/plugin-transform-react-jsx-source@https://registry.npmjs.org/@babel/plugin-transform-react-jsx-source/-/plugin-transform-react-jsx-source-7.29.7.tgz. Extracting by manifest.
342 silly tarball no local data for @babel/plugin-transform-react-jsx-self@https://registry.npmjs.org/@babel/plugin-transform-react-jsx-self/-/plugin-transform-react-jsx-self-7.29.7.tgz. Extracting by manifest.
343 silly tarball no local data for @babel/parser@https://registry.npmjs.org/@babel/parser/-/parser-7.29.9.tgz. Extracting by manifest.
344 silly tarball no local data for @babel/helpers@https://registry.npmjs.org/@babel/helpers/-/helpers-7.29.7.tgz. Extracting by manifest.
345 silly tarball no local data for @babel/helper-validator-option@https://registry.npmjs.org/@babel/helper-validator-option/-/helper-validator-option-7.29.7.tgz. Extracting by manifest.
346 silly tarball no local data for @babel/helper-validator-identifier@https://registry.npmjs.org/@babel/helper-validator-identifier/-/helper-validator-identifier-7.29.7.tgz. Extracting by manifest.
347 silly tarball no local data for @babel/helper-string-parser@https://registry.npmjs.org/@babel/helper-string-parser/-/helper-string-parser-7.29.7.tgz. Extracting by manifest.
348 silly tarball no local data for @babel/helper-plugin-utils@https://registry.npmjs.org/@babel/helper-plugin-utils/-/helper-plugin-utils-7.29.7.tgz. Extracting by manifest.
349 silly tarball no local data for @babel/helper-module-transforms@https://registry.npmjs.org/@babel/helper-module-transforms/-/helper-module-transforms-7.29.7.tgz. Extracting by manifest.
350 silly tarball no local data for @babel/helper-module-imports@https://registry.npmjs.org/@babel/helper-module-imports/-/helper-module-imports-7.29.7.tgz. Extracting by manifest.
351 silly tarball no local data for @babel/helper-globals@https://registry.npmjs.org/@babel/helper-globals/-/helper-globals-7.29.7.tgz. Extracting by manifest.
352 silly tarball no local data for @babel/helper-compilation-targets@https://registry.npmjs.org/@babel/helper-compilation-targets/-/helper-compilation-targets-7.29.7.tgz. Extracting by manifest.
353 silly tarball no local data for @babel/generator@https://registry.npmjs.org/@babel/generator/-/generator-7.29.8.tgz. Extracting by manifest.
354 silly tarball no local data for @babel/core@https://registry.npmjs.org/@babel/core/-/core-7.29.7.tgz. Extracting by manifest.
355 silly tarball no local data for @babel/compat-data@https://registry.npmjs.org/@babel/compat-data/-/compat-data-7.29.7.tgz. Extracting by manifest.
356 silly tarball no local data for @babel/code-frame@https://registry.npmjs.org/@babel/code-frame/-/code-frame-7.29.7.tgz. Extracting by manifest.
357 silly tarball no local data for eslint-visitor-keys@https://registry.npmjs.org/eslint-visitor-keys/-/eslint-visitor-keys-5.0.1.tgz. Extracting by manifest.
358 silly tarball no local data for semver@https://registry.npmjs.org/semver/-/semver-7.8.5.tgz. Extracting by manifest.
359 silly tarball no local data for minimatch@https://registry.npmjs.org/minimatch/-/minimatch-10.2.6.tgz. Extracting by manifest.
360 silly tarball no local data for brace-expansion@https://registry.npmjs.org/brace-expansion/-/brace-expansion-5.0.12.tgz. Extracting by manifest.
361 silly tarball no local data for balanced-match@https://registry.npmjs.org/balanced-match/-/balanced-match-4.0.4.tgz. Extracting by manifest.
362 silly tarball no local data for ignore@https://registry.npmjs.org/ignore/-/ignore-7.0.10.tgz. Extracting by manifest.
363 silly tarball no local data for globals@https://registry.npmjs.org/globals/-/globals-14.0.0.tgz. Extracting by manifest.
364 silly tarball no local data for eslint-visitor-keys@https://registry.npmjs.org/eslint-visitor-keys/-/eslint-visitor-keys-3.4.3.tgz. Extracting by manifest.
365 http fetch GET 200 https://registry.npmjs.org/word-wrap/-/word-wrap-1.2.5.tgz 1142ms (cache miss)
366 http fetch GET 200 https://registry.npmjs.org/strip-json-comments/-/strip-json-comments-3.1.1.tgz 1136ms (cache miss)
367 http fetch GET 200 https://registry.npmjs.org/shebang-command/-/shebang-command-2.0.0.tgz 1170ms (cache miss)
368 http fetch GET 200 https://registry.npmjs.org/shebang-regex/-/shebang-regex-3.0.0.tgz 1170ms (cache miss)
369 http fetch GET 200 https://registry.npmjs.org/yallist/-/yallist-3.1.1.tgz 1181ms (cache miss)
370 http fetch GET 200 https://registry.npmjs.org/update-browserslist-db/-/update-browserslist-db-1.3.3.tgz 1179ms (cache miss)
371 http fetch GET 200 https://registry.npmjs.org/yocto-queue/-/yocto-queue-0.1.0.tgz 1182ms (cache miss)
372 http fetch GET 200 https://registry.npmjs.org/type-check/-/type-check-0.4.0.tgz 1178ms (cache miss)
373 http fetch GET 200 https://registry.npmjs.org/which/-/which-2.0.2.tgz 1246ms (cache miss)
374 http fetch GET 200 https://registry.npmjs.org/supports-color/-/supports-color-7.2.0.tgz 1283ms (cache miss)
375 http fetch GET 200 https://registry.npmjs.org/resolve-from/-/resolve-from-4.0.0.tgz 1278ms (cache miss)
376 http fetch GET 200 https://registry.npmjs.org/set-cookie-parser/-/set-cookie-parser-2.7.2.tgz 1310ms (cache miss)
377 http fetch GET 200 https://registry.npmjs.org/react-router-dom/-/react-router-dom-7.13.1.tgz 1338ms (cache miss)
378 http fetch GET 200 https://registry.npmjs.org/p-limit/-/p-limit-3.1.0.tgz 1327ms (cache miss)
379 http fetch GET 200 https://registry.npmjs.org/path-key/-/path-key-3.1.1.tgz 1383ms (cache miss)
380 http fetch GET 200 https://registry.npmjs.org/tinyglobby/-/tinyglobby-0.2.17.tgz 1415ms (cache miss)
381 http fetch GET 200 https://registry.npmjs.org/picocolors/-/picocolors-1.1.1.tgz 1402ms (cache miss)
382 http fetch GET 200 https://registry.npmjs.org/path-exists/-/path-exists-4.0.0.tgz 1402ms (cache miss)
383 http fetch GET 200 https://registry.npmjs.org/scheduler/-/scheduler-0.28.0.tgz 1468ms (cache miss)
384 http fetch GET 200 https://registry.npmjs.org/natural-compare/-/natural-compare-1.4.0.tgz 1455ms (cache miss)
385 http fetch GET 200 https://registry.npmjs.org/ms/-/ms-2.1.3.tgz 1454ms (cache miss)
386 http fetch GET 200 https://registry.npmjs.org/parent-module/-/parent-module-1.0.1.tgz 1508ms (cache miss)
387 http fetch GET 200 https://registry.npmjs.org/p-locate/-/p-locate-5.0.0.tgz 1507ms (cache miss)
388 http fetch GET 200 https://registry.npmjs.org/node-releases/-/node-releases-2.0.57.tgz 1506ms (cache miss)
389 http fetch GET 200 https://registry.npmjs.org/locate-path/-/locate-path-6.0.0.tgz 1528ms (cache miss)
390 http fetch GET 200 https://registry.npmjs.org/keyv/-/keyv-4.5.4.tgz 1524ms (cache miss)
391 http fetch GET 200 https://registry.npmjs.org/json-schema-traverse/-/json-schema-traverse-0.4.1.tgz 1524ms (cache miss)
392 http fetch GET 200 https://registry.npmjs.org/lodash.merge/-/lodash.merge-4.6.2.tgz 1578ms (cache miss)
393 http fetch GET 200 https://registry.npmjs.org/js-tokens/-/js-tokens-4.0.0.tgz 1568ms (cache miss)
394 http fetch GET 200 https://registry.npmjs.org/json-stable-stringify-without-jsonify/-/json-stable-stringify-without-jsonify-1.0.1.tgz 1572ms (cache miss)
395 http fetch GET 200 https://registry.npmjs.org/json-buffer/-/json-buffer-3.0.1.tgz 1572ms (cache miss)
396 http fetch GET 200 https://registry.npmjs.org/is-glob/-/is-glob-4.0.3.tgz 1569ms (cache miss)
397 http fetch GET 200 https://registry.npmjs.org/ignore/-/ignore-5.3.2.tgz 1565ms (cache miss)
398 http fetch GET 200 https://registry.npmjs.org/import-fresh/-/import-fresh-3.3.1.tgz 1565ms (cache miss)
399 http fetch GET 200 https://registry.npmjs.org/find-up/-/find-up-5.0.0.tgz 1557ms (cache miss)
400 http fetch GET 200 https://registry.npmjs.org/punycode/-/punycode-2.3.1.tgz 1636ms (cache miss)
401 http fetch GET 200 https://registry.npmjs.org/minimatch/-/minimatch-3.1.5.tgz 1625ms (cache miss)
402 http fetch GET 200 https://registry.npmjs.org/isexe/-/isexe-2.0.0.tgz 1612ms (cache miss)
403 http fetch GET 200 https://registry.npmjs.org/has-flag/-/has-flag-4.0.0.tgz 1605ms (cache miss)
404 http fetch GET 200 https://registry.npmjs.org/react-refresh/-/react-refresh-0.18.0.tgz 1662ms (cache miss)
405 http fetch GET 200 https://registry.npmjs.org/lru-cache/-/lru-cache-5.1.1.tgz 1646ms (cache miss)
406 http fetch GET 200 https://registry.npmjs.org/is-extglob/-/is-extglob-2.1.1.tgz 1632ms (cache miss)
407 http fetch GET 200 https://registry.npmjs.org/imurmurhash/-/imurmurhash-0.1.4.tgz 1631ms (cache miss)
408 http fetch GET 200 https://registry.npmjs.org/fdir/-/fdir-6.5.0.tgz 1620ms (cache miss)
409 http fetch GET 200 https://registry.npmjs.org/flat-cache/-/flat-cache-4.0.1.tgz 1688ms (cache miss)
410 http fetch GET 200 https://registry.npmjs.org/glob-parent/-/glob-parent-6.0.2.tgz 1690ms (cache miss)
411 http fetch GET 200 https://registry.npmjs.org/gensync/-/gensync-1.0.0-beta.2.tgz 1691ms (cache miss)
412 http fetch GET 200 https://registry.npmjs.org/fast-levenshtein/-/fast-levenshtein-2.0.6.tgz 1683ms (cache miss)
413 http fetch GET 200 https://registry.npmjs.org/fast-deep-equal/-/fast-deep-equal-3.1.3.tgz 1680ms (cache miss)
414 http fetch GET 200 https://registry.npmjs.org/esutils/-/esutils-2.0.3.tgz 1679ms (cache miss)
415 http fetch GET 200 https://registry.npmjs.org/typescript-eslint/-/typescript-eslint-8.70.1.tgz 1751ms (cache miss)
416 http fetch GET 200 https://registry.npmjs.org/jsesc/-/jsesc-3.1.0.tgz 1746ms (cache miss)
417 http fetch GET 200 https://registry.npmjs.org/file-entry-cache/-/file-entry-cache-8.0.0.tgz 1729ms (cache miss)
418 http fetch GET 200 https://registry.npmjs.org/esrecurse/-/esrecurse-4.3.0.tgz 1723ms (cache miss)
419 http fetch GET 200 https://registry.npmjs.org/chalk/-/chalk-4.1.2.tgz 1701ms (cache miss)
420 http fetch GET 200 https://registry.npmjs.org/fast-json-stable-stringify/-/fast-json-stable-stringify-2.1.0.tgz 1738ms (cache miss)
421 http fetch GET 200 https://registry.npmjs.org/eslint-visitor-keys/-/eslint-visitor-keys-4.2.1.tgz 1733ms (cache miss)
422 http fetch GET 200 https://registry.npmjs.org/semver/-/semver-6.3.1.tgz 1806ms (cache miss)
423 http fetch GET 200 https://registry.npmjs.org/prelude-ls/-/prelude-ls-1.2.1.tgz 1800ms (cache miss)
424 http fetch GET 200 https://registry.npmjs.org/estraverse/-/estraverse-5.3.0.tgz 1753ms (cache miss)
425 http fetch GET 200 https://registry.npmjs.org/escape-string-regexp/-/escape-string-regexp-4.0.0.tgz 1742ms (cache miss)
426 http fetch GET 200 https://registry.npmjs.org/debug/-/debug-4.4.3.tgz 1737ms (cache miss)
427 http fetch GET 200 https://registry.npmjs.org/convert-source-map/-/convert-source-map-2.0.0.tgz 1734ms (cache miss)
428 http fetch GET 200 https://registry.npmjs.org/escalade/-/escalade-3.2.0.tgz 1756ms (cache miss)
429 http fetch GET 200 https://registry.npmjs.org/deep-is/-/deep-is-0.1.4.tgz 1753ms (cache miss)
430 http fetch GET 200 https://registry.npmjs.org/color-convert/-/color-convert-2.0.1.tgz 1750ms (cache miss)
431 http fetch GET 200 https://registry.npmjs.org/balanced-match/-/balanced-match-1.0.2.tgz 1747ms (cache miss)
432 http fetch GET 200 https://registry.npmjs.org/espree/-/espree-10.4.0.tgz 1782ms (cache miss)
433 http fetch GET 200 https://registry.npmjs.org/detect-libc/-/detect-libc-2.1.2.tgz 1767ms (cache miss)
434 http fetch GET 200 https://registry.npmjs.org/color-name/-/color-name-1.1.4.tgz 1763ms (cache miss)
435 http fetch GET 200 https://registry.npmjs.org/concat-map/-/concat-map-0.0.1.tgz 1764ms (cache miss)
436 http fetch GET 200 https://registry.npmjs.org/@typescript-eslint/tsconfig-utils/-/tsconfig-utils-8.70.1.tgz 1751ms (cache miss)
437 http fetch GET 200 https://registry.npmjs.org/@types/phoenix/-/phoenix-1.6.7.tgz 1745ms (cache miss)
438 http fetch GET 200 https://registry.npmjs.org/esbuild/-/esbuild-0.28.2.tgz 1782ms (cache miss)
439 http fetch GET 200 https://registry.npmjs.org/cross-spawn/-/cross-spawn-7.0.6.tgz 1780ms (cache miss)
440 http fetch GET 200 https://registry.npmjs.org/cookie/-/cookie-1.1.1.tgz 1780ms (cache miss)
441 http fetch GET 200 https://registry.npmjs.org/callsites/-/callsites-3.1.0.tgz 1776ms (cache miss)
442 http fetch GET 200 https://registry.npmjs.org/brace-expansion/-/brace-expansion-1.1.21.tgz 1776ms (cache miss)
443 http fetch GET 200 https://registry.npmjs.org/ansi-styles/-/ansi-styles-4.3.0.tgz 1774ms (cache miss)
444 http fetch GET 200 https://registry.npmjs.org/@types/ws/-/ws-8.18.1.tgz 1762ms (cache miss)
445 http fetch GET 200 https://registry.npmjs.org/@typescript-eslint/parser/-/parser-8.70.1.tgz 1764ms (cache miss)
446 http fetch GET 200 https://registry.npmjs.org/tslib/-/tslib-2.8.1.tgz 1871ms (cache miss)
447 http fetch GET 200 https://registry.npmjs.org/optionator/-/optionator-0.9.4.tgz 1851ms (cache miss)
448 http fetch GET 200 https://registry.npmjs.org/nanoid/-/nanoid-3.3.19.tgz 1849ms (cache miss)
449 http fetch GET 200 https://registry.npmjs.org/acorn-jsx/-/acorn-jsx-5.3.2.tgz 1785ms (cache miss)
450 http fetch GET 200 https://registry.npmjs.org/@vitejs/plugin-react/-/plugin-react-5.2.0.tgz 1785ms (cache miss)
451 http fetch GET 200 https://registry.npmjs.org/@typescript-eslint/visitor-keys/-/visitor-keys-8.70.1.tgz 1783ms (cache miss)
452 http fetch GET 200 https://registry.npmjs.org/@typescript-eslint/project-service/-/project-service-8.70.1.tgz 1779ms (cache miss)
453 http fetch GET 200 https://registry.npmjs.org/@types/estree/-/estree-1.0.9.tgz 1772ms (cache miss)
454 http fetch GET 200 https://registry.npmjs.org/graceful-fs/-/graceful-fs-4.2.11.tgz 1848ms (cache miss)
455 http fetch GET 200 https://registry.npmjs.org/eslint-plugin-react-refresh/-/eslint-plugin-react-refresh-0.4.26.tgz 1830ms (cache miss)
456 http fetch GET 200 https://registry.npmjs.org/browserslist/-/browserslist-4.29.0.tgz 1811ms (cache miss)
457 http fetch GET 200 https://registry.npmjs.org/argparse/-/argparse-2.0.1.tgz 1809ms (cache miss)
458 http fetch GET 200 https://registry.npmjs.org/@types/react-dom/-/react-dom-19.3.0.tgz 1796ms (cache miss)
459 http fetch GET 200 https://registry.npmjs.org/@types/json-schema/-/json-schema-7.0.15.tgz 1794ms (cache miss)
460 http fetch GET 200 https://registry.npmjs.org/@types/babel__generator/-/babel__generator-7.27.0.tgz 1792ms (cache miss)
461 http fetch GET 200 https://registry.npmjs.org/@tailwindcss/vite/-/vite-4.2.1.tgz 1792ms (cache miss)
462 http fetch GET 200 https://registry.npmjs.org/@tailwindcss/oxide/-/oxide-4.2.1.tgz 1790ms (cache miss)
463 http fetch GET 200 https://registry.npmjs.org/levn/-/levn-0.4.1.tgz 1872ms (cache miss)
464 http fetch GET 200 https://registry.npmjs.org/@types/babel__core/-/babel__core-7.20.5.tgz 1800ms (cache miss)
465 http fetch GET 200 https://registry.npmjs.org/@humanfs/node/-/node-0.16.8.tgz 1787ms (cache miss)
466 http fetch GET 200 https://registry.npmjs.org/baseline-browser-mapping/-/baseline-browser-mapping-2.11.25.tgz 1829ms (cache miss)
467 http fetch GET 200 https://registry.npmjs.org/@types/babel__traverse/-/babel__traverse-7.28.0.tgz 1811ms (cache miss)
468 http fetch GET 200 https://registry.npmjs.org/@types/babel__template/-/babel__template-7.4.4.tgz 1810ms (cache miss)
469 http fetch GET 200 https://registry.npmjs.org/flatted/-/flatted-3.4.4.tgz 1876ms (cache miss)
470 http fetch GET 200 https://registry.npmjs.org/@humanfs/core/-/core-0.19.2.tgz 1806ms (cache miss)
471 http fetch GET 200 https://registry.npmjs.org/@humanfs/types/-/types-0.15.0.tgz 1807ms (cache miss)
472 http fetch GET 200 https://registry.npmjs.org/globals/-/globals-16.5.0.tgz 1890ms (cache miss)
473 http fetch GET 200 https://registry.npmjs.org/electron-to-chromium/-/electron-to-chromium-1.5.438.tgz 1859ms (cache miss)
474 http fetch GET 200 https://registry.npmjs.org/@babel/plugin-transform-react-jsx-source/-/plugin-transform-react-jsx-source-7.29.7.tgz 1810ms (cache miss)
475 http fetch GET 200 https://registry.npmjs.org/@jridgewell/resolve-uri/-/resolve-uri-3.1.2.tgz 1830ms (cache miss)
476 http fetch GET 200 https://registry.npmjs.org/@humanwhocodes/module-importer/-/module-importer-1.0.1.tgz 1827ms (cache miss)
477 http fetch GET 200 https://registry.npmjs.org/@eslint/config-helpers/-/config-helpers-0.4.2.tgz 1823ms (cache miss)
478 http fetch GET 200 https://registry.npmjs.org/@typescript-eslint/types/-/types-8.70.1.tgz 1860ms (cache miss)
479 http fetch GET 200 https://registry.npmjs.org/@tailwindcss/node/-/node-4.2.1.tgz 1846ms (cache miss)
480 http fetch GET 200 https://registry.npmjs.org/@rolldown/pluginutils/-/pluginutils-1.0.0-rc.3.tgz 1840ms (cache miss)
481 http fetch GET 200 https://registry.npmjs.org/@humanwhocodes/retry/-/retry-0.4.3.tgz 1836ms (cache miss)
482 http fetch GET 200 https://registry.npmjs.org/@eslint/js/-/js-9.39.5.tgz 1833ms (cache miss)
483 http fetch GET 200 https://registry.npmjs.org/@babel/helper-globals/-/helper-globals-7.29.7.tgz 1822ms (cache miss)
484 http fetch GET 200 https://registry.npmjs.org/tapable/-/tapable-2.3.3.tgz 1960ms (cache miss)
485 http fetch GET 200 https://registry.npmjs.org/eslint-scope/-/eslint-scope-8.4.0.tgz 1900ms (cache miss)
486 http fetch GET 200 https://registry.npmjs.org/@eslint/object-schema/-/object-schema-2.1.7.tgz 1844ms (cache miss)
487 http fetch GET 200 https://registry.npmjs.org/@babel/plugin-transform-react-jsx-self/-/plugin-transform-react-jsx-self-7.29.7.tgz 1837ms (cache miss)
488 http fetch GET 200 https://registry.npmjs.org/balanced-match/-/balanced-match-4.0.4.tgz 1825ms (cache miss)
489 http fetch GET 200 https://registry.npmjs.org/picomatch/-/picomatch-4.0.7.tgz 1959ms (cache miss)
490 http fetch GET 200 https://registry.npmjs.org/eslint-visitor-keys/-/eslint-visitor-keys-5.0.1.tgz 1842ms (cache miss)
491 http fetch GET 200 https://registry.npmjs.org/@babel/helper-compilation-targets/-/helper-compilation-targets-7.29.7.tgz 1849ms (cache miss)
492 http fetch GET 200 https://registry.npmjs.org/@eslint/core/-/core-0.17.0.tgz 1870ms (cache miss)
493 http fetch GET 200 https://registry.npmjs.org/@babel/helper-validator-option/-/helper-validator-option-7.29.7.tgz 1863ms (cache miss)
494 http fetch GET 200 https://registry.npmjs.org/@babel/helper-string-parser/-/helper-string-parser-7.29.7.tgz 1862ms (cache miss)
495 http fetch GET 200 https://registry.npmjs.org/@babel/helper-plugin-utils/-/helper-plugin-utils-7.29.7.tgz 1863ms (cache miss)
496 http fetch GET 200 https://registry.npmjs.org/@babel/code-frame/-/code-frame-7.29.7.tgz 1855ms (cache miss)
497 http fetch GET 200 https://registry.npmjs.org/brace-expansion/-/brace-expansion-5.0.12.tgz 1854ms (cache miss)
498 http fetch GET 200 https://registry.npmjs.org/@babel/helper-validator-identifier/-/helper-validator-identifier-7.29.7.tgz 1871ms (cache miss)
499 http fetch GET 200 https://registry.npmjs.org/@babel/compat-data/-/compat-data-7.29.7.tgz 1864ms (cache miss)
500 http fetch GET 200 https://registry.npmjs.org/globals/-/globals-14.0.0.tgz 1859ms (cache miss)
501 http fetch GET 200 https://registry.npmjs.org/zod-validation-error/-/zod-validation-error-4.0.2.tgz 2017ms (cache miss)
502 http fetch GET 200 https://registry.npmjs.org/json5/-/json5-2.2.3.tgz 1975ms (cache miss)
503 http fetch GET 200 https://registry.npmjs.org/iceberg-js/-/iceberg-js-0.8.1.tgz 1964ms (cache miss)
504 http fetch GET 200 https://registry.npmjs.org/@babel/helper-module-imports/-/helper-module-imports-7.29.7.tgz 1877ms (cache miss)
505 http fetch GET 200 https://registry.npmjs.org/@eslint/plugin-kit/-/plugin-kit-0.4.1.tgz 1895ms (cache miss)
506 http fetch GET 200 https://registry.npmjs.org/eslint-visitor-keys/-/eslint-visitor-keys-3.4.3.tgz 1875ms (cache miss)
507 http fetch GET 200 https://registry.npmjs.org/ignore/-/ignore-7.0.10.tgz 1881ms (cache miss)
508 http fetch GET 200 https://registry.npmjs.org/hermes-estree/-/hermes-estree-0.25.1.tgz 1989ms (cache miss)
509 http fetch GET 200 https://registry.npmjs.org/ts-api-utils/-/ts-api-utils-2.5.0.tgz 2053ms (cache miss)
510 http fetch GET 200 https://registry.npmjs.org/ws/-/ws-8.21.3.tgz 2087ms (cache miss)
511 http fetch GET 200 https://registry.npmjs.org/react/-/react-19.3.0.tgz 2072ms (cache miss)
512 http fetch GET 200 https://registry.npmjs.org/@babel/template/-/template-7.29.7.tgz 1958ms (cache miss)
513 http fetch GET 200 https://registry.npmjs.org/source-map-js/-/source-map-js-1.2.1.tgz 2087ms (cache miss)
514 http fetch GET 200 https://registry.npmjs.org/@babel/helper-module-transforms/-/helper-module-transforms-7.29.7.tgz 1957ms (cache miss)
515 http fetch GET 200 https://registry.npmjs.org/@jridgewell/remapping/-/remapping-2.3.5.tgz 2001ms (cache miss)
516 http fetch GET 200 https://registry.npmjs.org/@types/react/-/react-19.3.0.tgz 2021ms (cache miss)
517 http fetch GET 200 https://registry.npmjs.org/magic-string/-/magic-string-0.30.21.tgz 2132ms (cache miss)
518 http fetch GET 200 https://registry.npmjs.org/@jridgewell/gen-mapping/-/gen-mapping-0.3.13.tgz 2051ms (cache miss)
519 http fetch GET 200 https://registry.npmjs.org/@eslint-community/eslint-utils/-/eslint-utils-4.10.1.tgz 2047ms (cache miss)
520 http fetch GET 200 https://registry.npmjs.org/@jridgewell/sourcemap-codec/-/sourcemap-codec-1.6.0.tgz 2064ms (cache miss)
521 http fetch GET 200 https://registry.npmjs.org/@eslint-community/regexpp/-/regexpp-4.12.2.tgz 2054ms (cache miss)
522 http fetch GET 200 https://registry.npmjs.org/lightningcss/-/lightningcss-1.31.1.tgz 2156ms (cache miss)
523 http fetch GET 200 https://registry.npmjs.org/acorn/-/acorn-8.18.0.tgz 2105ms (cache miss)
524 http fetch GET 200 https://registry.npmjs.org/@typescript-eslint/type-utils/-/type-utils-8.70.1.tgz 2108ms (cache miss)
525 http fetch GET 200 https://registry.npmjs.org/@eslint/config-array/-/config-array-0.21.2.tgz 2081ms (cache miss)
526 http fetch GET 200 https://registry.npmjs.org/undici-types/-/undici-types-7.18.2.tgz 2216ms (cache miss)
527 http fetch GET 200 https://registry.npmjs.org/motion-utils/-/motion-utils-12.39.0.tgz 2232ms (cache miss)
528 http fetch GET 200 https://registry.npmjs.org/@jridgewell/trace-mapping/-/trace-mapping-0.3.31.tgz 2146ms (cache miss)
529 http fetch GET 200 https://registry.npmjs.org/postcss/-/postcss-8.5.28.tgz 2270ms (cache miss)
530 http fetch GET 200 https://registry.npmjs.org/@supabase/functions-js/-/functions-js-2.99.1.tgz 2206ms (cache miss)
531 http fetch GET 200 https://registry.npmjs.org/semver/-/semver-7.8.5.tgz 2189ms (cache miss)
532 http fetch GET 200 https://registry.npmjs.org/@supabase/supabase-js/-/supabase-js-2.99.1.tgz 2229ms (cache miss)
533 http fetch GET 200 https://registry.npmjs.org/csstype/-/csstype-3.2.3.tgz 2262ms (cache miss)
534 http fetch GET 200 https://registry.npmjs.org/esquery/-/esquery-1.7.0.tgz 2296ms (cache miss)
535 http fetch GET 200 https://registry.npmjs.org/tailwindcss/-/tailwindcss-4.2.1.tgz 2381ms (cache miss)
536 http fetch GET 200 https://registry.npmjs.org/uri-js/-/uri-js-4.4.1.tgz 2415ms (cache miss)
537 http fetch GET 200 https://registry.npmjs.org/js-yaml/-/js-yaml-4.3.2.tgz 2375ms (cache miss)
538 http fetch GET 200 https://registry.npmjs.org/enhanced-resolve/-/enhanced-resolve-5.25.1.tgz 2349ms (cache miss)
539 http fetch GET 200 https://registry.npmjs.org/@eslint/eslintrc/-/eslintrc-3.3.7.tgz 2312ms (cache miss)
540 http fetch GET 200 https://registry.npmjs.org/@supabase/storage-js/-/storage-js-2.99.1.tgz 2342ms (cache miss)
541 http fetch GET 200 https://registry.npmjs.org/@babel/generator/-/generator-7.29.8.tgz 2315ms (cache miss)
542 http fetch GET 200 https://registry.npmjs.org/@supabase/postgrest-js/-/postgrest-js-2.99.1.tgz 2343ms (cache miss)
543 http fetch GET 200 https://registry.npmjs.org/minimatch/-/minimatch-10.2.6.tgz 2312ms (cache miss)
544 http fetch GET 200 https://registry.npmjs.org/@typescript-eslint/utils/-/utils-8.70.1.tgz 2386ms (cache miss)
545 http fetch GET 200 https://registry.npmjs.org/hermes-parser/-/hermes-parser-0.25.1.tgz 2479ms (cache miss)
546 http fetch GET 200 https://registry.npmjs.org/@typescript-eslint/typescript-estree/-/typescript-estree-8.70.1.tgz 2439ms (cache miss)
547 http fetch GET 200 https://registry.npmjs.org/jiti/-/jiti-2.7.0.tgz 2516ms (cache miss)
548 http fetch GET 200 https://registry.npmjs.org/@babel/traverse/-/traverse-7.29.8.tgz 2447ms (cache miss)
549 http fetch GET 200 https://registry.npmjs.org/@babel/parser/-/parser-7.29.9.tgz 2469ms (cache miss)
550 http fetch GET 200 https://registry.npmjs.org/@rollup/rollup-linux-x64-musl/-/rollup-linux-x64-musl-4.63.4.tgz 2514ms (cache miss)
551 http fetch GET 200 https://registry.npmjs.org/@rollup/rollup-linux-x64-gnu/-/rollup-linux-x64-gnu-4.63.4.tgz 2517ms (cache miss)
552 http fetch GET 200 https://registry.npmjs.org/ajv/-/ajv-6.15.0.tgz 2575ms (cache miss)
553 http fetch GET 200 https://registry.npmjs.org/@supabase/realtime-js/-/realtime-js-2.99.1.tgz 2551ms (cache miss)
554 http fetch GET 200 https://registry.npmjs.org/vite/-/vite-7.3.6.tgz 2704ms (cache miss)
555 http fetch GET 200 https://registry.npmjs.org/rollup/-/rollup-4.63.4.tgz 2723ms (cache miss)
556 http fetch GET 200 https://registry.npmjs.org/@tailwindcss/oxide-linux-x64-musl/-/oxide-linux-x64-musl-4.2.1.tgz 2626ms (cache miss)
557 http fetch GET 200 https://registry.npmjs.org/@tailwindcss/oxide-linux-x64-gnu/-/oxide-linux-x64-gnu-4.2.1.tgz 2632ms (cache miss)
558 http fetch GET 200 https://registry.npmjs.org/@babel/core/-/core-7.29.7.tgz 2681ms (cache miss)
559 http fetch GET 200 https://registry.npmjs.org/eslint-plugin-react-hooks/-/eslint-plugin-react-hooks-7.1.1.tgz 2765ms (cache miss)
560 http fetch GET 200 https://registry.npmjs.org/@types/node/-/node-24.13.6.tgz 2740ms (cache miss)
561 http fetch GET 200 https://registry.npmjs.org/@babel/helpers/-/helpers-7.29.7.tgz 2773ms (cache miss)
562 http fetch GET 200 https://registry.npmjs.org/@supabase/auth-js/-/auth-js-2.99.1.tgz 2860ms (cache miss)
563 http fetch GET 200 https://registry.npmjs.org/@typescript-eslint/scope-manager/-/scope-manager-8.70.1.tgz 2903ms (cache miss)
564 http fetch GET 200 https://registry.npmjs.org/react-router/-/react-router-7.13.1.tgz 3006ms (cache miss)
565 http fetch GET 200 https://registry.npmjs.org/@babel/types/-/types-7.29.8.tgz 2952ms (cache miss)
566 http fetch GET 200 https://registry.npmjs.org/react-dom/-/react-dom-19.3.0.tgz 3251ms (cache miss)
567 http fetch GET 200 https://registry.npmjs.org/@typescript-eslint/eslint-plugin/-/eslint-plugin-8.70.1.tgz 3286ms (cache miss)
568 http fetch GET 200 https://registry.npmjs.org/lightningcss-linux-x64-gnu/-/lightningcss-linux-x64-gnu-1.31.1.tgz 3378ms (cache miss)
569 http fetch GET 200 https://registry.npmjs.org/lightningcss-linux-x64-musl/-/lightningcss-linux-x64-musl-1.31.1.tgz 3410ms (cache miss)
570 http fetch GET 200 https://registry.npmjs.org/eslint/-/eslint-9.39.5.tgz 3419ms (cache miss)
571 warn deprecated eslint@9.39.5: This version is no longer supported. Please see https://eslint.org/version-support for other options.
572 http fetch GET 200 https://registry.npmjs.org/@esbuild/linux-x64/-/linux-x64-0.28.2.tgz 3443ms (cache miss)
573 http fetch GET 200 https://registry.npmjs.org/framer-motion/-/framer-motion-12.35.0.tgz 3523ms (cache miss)
574 http fetch GET 200 https://registry.npmjs.org/motion-dom/-/motion-dom-12.43.0.tgz 3629ms (cache miss)
575 http fetch GET 200 https://registry.npmjs.org/caniuse-lite/-/caniuse-lite-1.0.30001810.tgz 3576ms (cache miss)
576 http fetch GET 200 https://registry.npmjs.org/zod/-/zod-4.6.5.tgz 3770ms (cache miss)
577 http fetch GET 200 https://registry.npmjs.org/typescript/-/typescript-5.9.3.tgz 3816ms (cache miss)
578 http fetch GET 200 https://registry.npmjs.org/lucide-react/-/lucide-react-0.577.0.tgz 4351ms (cache miss)
579 info run esbuild@0.28.2 postinstall node_modules/esbuild node install.js
580 info run esbuild@0.28.2 postinstall { code: 0, signal: null }
581 silly ADD node_modules/zod-validation-error
582 silly ADD node_modules/zod
583 silly ADD node_modules/yocto-queue
584 silly ADD node_modules/yallist
585 silly ADD node_modules/ws
586 silly ADD node_modules/word-wrap
587 silly ADD node_modules/which
588 silly ADD node_modules/vite
589 silly ADD node_modules/uri-js
590 silly ADD node_modules/update-browserslist-db
591 silly ADD node_modules/undici-types
592 silly ADD node_modules/typescript-eslint
593 silly ADD node_modules/typescript
594 silly ADD node_modules/type-check
595 silly ADD node_modules/tslib
596 silly ADD node_modules/ts-api-utils
597 silly ADD node_modules/tinyglobby
598 silly ADD node_modules/tapable
599 silly ADD node_modules/tailwindcss
600 silly ADD node_modules/supports-color
601 silly ADD node_modules/strip-json-comments
602 silly ADD node_modules/source-map-js
603 silly ADD node_modules/shebang-regex
604 silly ADD node_modules/shebang-command
605 silly ADD node_modules/set-cookie-parser
606 silly ADD node_modules/semver
607 silly ADD node_modules/scheduler
608 silly ADD node_modules/rollup
609 silly ADD node_modules/resolve-from
610 silly ADD node_modules/react-router-dom
611 silly ADD node_modules/react-router
612 silly ADD node_modules/react-refresh
613 silly ADD node_modules/react-dom
614 silly ADD node_modules/react
615 silly ADD node_modules/punycode
616 silly ADD node_modules/prelude-ls
617 silly ADD node_modules/postcss
618 silly ADD node_modules/picomatch
619 silly ADD node_modules/picocolors
620 silly ADD node_modules/path-key
621 silly ADD node_modules/path-exists
622 silly ADD node_modules/parent-module
623 silly ADD node_modules/p-locate
624 silly ADD node_modules/p-limit
625 silly ADD node_modules/optionator
626 silly ADD node_modules/node-releases
627 silly ADD node_modules/natural-compare
628 silly ADD node_modules/nanoid
629 silly ADD node_modules/ms
630 silly ADD node_modules/motion-utils
631 silly ADD node_modules/motion-dom
632 silly ADD node_modules/minimatch
633 silly ADD node_modules/magic-string
634 silly ADD node_modules/lucide-react
635 silly ADD node_modules/lru-cache
636 silly ADD node_modules/lodash.merge
637 silly ADD node_modules/locate-path
638 silly ADD
639 silly ADD
640 silly ADD node_modules/lightningcss-linux-x64-musl
641 silly ADD node_modules/lightningcss-linux-x64-gnu
642 silly ADD
643 silly ADD
644 silly ADD
645 silly ADD
646 silly ADD
647 silly ADD
648 silly ADD
649 silly ADD node_modules/lightningcss
650 silly ADD node_modules/levn
651 silly ADD node_modules/keyv
652 silly ADD node_modules/json5
653 silly ADD node_modules/json-stable-stringify-without-jsonify
654 silly ADD node_modules/json-schema-traverse
655 silly ADD node_modules/json-buffer
656 silly ADD node_modules/jsesc
657 silly ADD node_modules/js-yaml
658 silly ADD node_modules/js-tokens
659 silly ADD node_modules/jiti
660 silly ADD node_modules/isexe
661 silly ADD node_modules/is-glob
662 silly ADD node_modules/is-extglob
663 silly ADD node_modules/imurmurhash
664 silly ADD node_modules/import-fresh
665 silly ADD node_modules/ignore
666 silly ADD node_modules/iceberg-js
667 silly ADD node_modules/hermes-parser
668 silly ADD node_modules/hermes-estree
669 silly ADD node_modules/has-flag
670 silly ADD node_modules/graceful-fs
671 silly ADD node_modules/globals
672 silly ADD node_modules/glob-parent
673 silly ADD node_modules/gensync
674 silly ADD
675 silly ADD node_modules/framer-motion
676 silly ADD node_modules/flatted
677 silly ADD node_modules/flat-cache
678 silly ADD node_modules/find-up
679 silly ADD node_modules/file-entry-cache
680 silly ADD node_modules/fdir
681 silly ADD node_modules/fast-levenshtein
682 silly ADD node_modules/fast-json-stable-stringify
683 silly ADD node_modules/fast-deep-equal
684 silly ADD node_modules/esutils
685 silly ADD node_modules/estraverse
686 silly ADD node_modules/esrecurse
687 silly ADD node_modules/esquery
688 silly ADD node_modules/espree
689 silly ADD node_modules/eslint-visitor-keys
690 silly ADD node_modules/eslint-scope
691 silly ADD node_modules/eslint-plugin-react-refresh
692 silly ADD node_modules/eslint-plugin-react-hooks
693 silly ADD node_modules/eslint
694 silly ADD node_modules/escape-string-regexp
695 silly ADD node_modules/escalade
696 silly ADD node_modules/esbuild
697 silly ADD node_modules/enhanced-resolve
698 silly ADD node_modules/electron-to-chromium
699 silly ADD node_modules/detect-libc
700 silly ADD node_modules/deep-is
701 silly ADD node_modules/debug
702 silly ADD node_modules/csstype
703 silly ADD node_modules/cross-spawn
704 silly ADD node_modules/cookie
705 silly ADD node_modules/convert-source-map
706 silly ADD node_modules/concat-map
707 silly ADD node_modules/color-name
708 silly ADD node_modules/color-convert
709 silly ADD node_modules/chalk
710 silly ADD node_modules/caniuse-lite
711 silly ADD node_modules/callsites
712 silly ADD node_modules/browserslist
713 silly ADD node_modules/brace-expansion
714 silly ADD node_modules/baseline-browser-mapping
715 silly ADD node_modules/balanced-match
716 silly ADD node_modules/argparse
717 silly ADD node_modules/ansi-styles
718 silly ADD node_modules/ajv
719 silly ADD node_modules/acorn-jsx
720 silly ADD node_modules/acorn
721 silly ADD node_modules/@vitejs/plugin-react
722 silly ADD node_modules/@typescript-eslint/visitor-keys
723 silly ADD node_modules/@typescript-eslint/visitor-keys/node_modules/eslint-visitor-keys
724 silly ADD node_modules/@typescript-eslint/utils
725 silly ADD node_modules/@typescript-eslint/typescript-estree
726 silly ADD node_modules/@typescript-eslint/typescript-estree/node_modules/semver
727 silly ADD node_modules/@typescript-eslint/typescript-estree/node_modules/minimatch
728 silly ADD node_modules/@typescript-eslint/typescript-estree/node_modules/brace-expansion
729 silly ADD node_modules/@typescript-eslint/typescript-estree/node_modules/balanced-match
730 silly ADD node_modules/@typescript-eslint/types
731 silly ADD node_modules/@typescript-eslint/type-utils
732 silly ADD node_modules/@typescript-eslint/tsconfig-utils
733 silly ADD node_modules/@typescript-eslint/scope-manager
734 silly ADD node_modules/@typescript-eslint/project-service
735 silly ADD node_modules/@typescript-eslint/parser
736 silly ADD node_modules/@typescript-eslint/eslint-plugin
737 silly ADD node_modules/@typescript-eslint/eslint-plugin/node_modules/ignore
738 silly ADD node_modules/@types/ws
739 silly ADD node_modules/@types/react-dom
740 silly ADD node_modules/@types/react
741 silly ADD node_modules/@types/phoenix
742 silly ADD node_modules/@types/node
743 silly ADD node_modules/@types/json-schema
744 silly ADD node_modules/@types/estree
745 silly ADD node_modules/@types/babel__traverse
746 silly ADD node_modules/@types/babel__template
747 silly ADD node_modules/@types/babel__generator
748 silly ADD node_modules/@types/babel__core
749 silly ADD node_modules/@tailwindcss/vite
750 silly ADD
751 silly ADD
752 silly ADD
753 silly ADD node_modules/@tailwindcss/oxide-linux-x64-musl
754 silly ADD node_modules/@tailwindcss/oxide-linux-x64-gnu
755 silly ADD
756 silly ADD
757 silly ADD
758 silly ADD
759 silly ADD
760 silly ADD
761 silly ADD
762 silly ADD node_modules/@tailwindcss/oxide
763 silly ADD node_modules/@tailwindcss/node
764 silly ADD node_modules/@supabase/supabase-js
765 silly ADD node_modules/@supabase/storage-js
766 silly ADD node_modules/@supabase/realtime-js
767 silly ADD node_modules/@supabase/postgrest-js
768 silly ADD node_modules/@supabase/functions-js
769 silly ADD node_modules/@supabase/auth-js
770 silly ADD
771 silly ADD
772 silly ADD
773 silly ADD
774 silly ADD
775 silly ADD
776 silly ADD node_modules/@rollup/rollup-linux-x64-musl
777 silly ADD node_modules/@rollup/rollup-linux-x64-gnu
778 silly ADD
779 silly ADD
780 silly ADD
781 silly ADD
782 silly ADD
783 silly ADD
784 silly ADD
785 silly ADD
786 silly ADD
787 silly ADD
788 silly ADD
789 silly ADD
790 silly ADD
791 silly ADD
792 silly ADD
793 silly ADD
794 silly ADD
795 silly ADD node_modules/@rolldown/pluginutils
796 silly ADD
797 silly ADD node_modules/@jridgewell/trace-mapping
798 silly ADD node_modules/@jridgewell/sourcemap-codec
799 silly ADD node_modules/@jridgewell/resolve-uri
800 silly ADD node_modules/@jridgewell/remapping
801 silly ADD node_modules/@jridgewell/gen-mapping
802 silly ADD node_modules/@humanwhocodes/retry
803 silly ADD node_modules/@humanwhocodes/module-importer
804 silly ADD node_modules/@humanfs/types
805 silly ADD node_modules/@humanfs/node
806 silly ADD node_modules/@humanfs/core
807 silly ADD node_modules/@eslint/plugin-kit
808 silly ADD node_modules/@eslint/object-schema
809 silly ADD node_modules/@eslint/js
810 silly ADD node_modules/@eslint/eslintrc
811 silly ADD node_modules/@eslint/eslintrc/node_modules/globals
812 silly ADD node_modules/@eslint/core
813 silly ADD node_modules/@eslint/config-helpers
814 silly ADD node_modules/@eslint/config-array
815 silly ADD node_modules/@eslint-community/regexpp
816 silly ADD node_modules/@eslint-community/eslint-utils
817 silly ADD node_modules/@eslint-community/eslint-utils/node_modules/eslint-visitor-keys
818 silly ADD
819 silly ADD
820 silly ADD
821 silly ADD
822 silly ADD
823 silly ADD
824 silly ADD
825 silly ADD
826 silly ADD
827 silly ADD node_modules/@esbuild/linux-x64
828 silly ADD
829 silly ADD
830 silly ADD
831 silly ADD
832 silly ADD
833 silly ADD
834 silly ADD
835 silly ADD
836 silly ADD
837 silly ADD
838 silly ADD
839 silly ADD
840 silly ADD
841 silly ADD
842 silly ADD
843 silly ADD
844 silly ADD node_modules/@babel/types
845 silly ADD node_modules/@babel/traverse
846 silly ADD node_modules/@babel/template
847 silly ADD node_modules/@babel/plugin-transform-react-jsx-source
848 silly ADD node_modules/@babel/plugin-transform-react-jsx-self
849 silly ADD node_modules/@babel/parser
850 silly ADD node_modules/@babel/helpers
851 silly ADD node_modules/@babel/helper-validator-option
852 silly ADD node_modules/@babel/helper-validator-identifier
853 silly ADD node_modules/@babel/helper-string-parser
854 silly ADD node_modules/@babel/helper-plugin-utils
855 silly ADD node_modules/@babel/helper-module-transforms
856 silly ADD node_modules/@babel/helper-module-imports
857 silly ADD node_modules/@babel/helper-globals
858 silly ADD node_modules/@babel/helper-compilation-targets
859 silly ADD node_modules/@babel/generator
860 silly ADD node_modules/@babel/core
861 silly ADD node_modules/@babel/compat-data
862 silly ADD node_modules/@babel/code-frame
863 verbose cwd /home/user
864 verbose os Linux 6.1.158+
865 verbose node v20.20.2
866 verbose npm  v10.8.2
867 verbose exit 0
868 info ok
